// Jest Snapshot v1, https://goo.gl/fbAQLP

exports[`Form component renders Form 1`] = `
<ContextProvider
  value={
    Object {
      "dispatch": [Function],
      "state": Object {
        "body": "",
        "disable": true,
        "headers": Object {},
        "method": "GET",
        "requests": Array [],
        "response": Object {},
        "url": "",
      },
    }
  }
>
  <Form />
</ContextProvider>
`;
